// Jest Snapshot v1, https://goo.gl/fbAQLP

exports[`Menu component when component is mounted should render to a snapshot when component is initialized 1`] = `
<section>
  <a
    href=""
  >
    <img
      alt=""
      src="../../assets/hearthstone-battlegrounds.png"
    />
  </a>
   
  <button-stub
    type="button"
  >
    <plusicon-stub />
    
    Add new entry
  
  </button-stub>
   
  <div
    class="links"
  >
    <button-stub
      type="link"
    >
      <homeicon-stub />
      
      Home
    
    </button-stub>
     
    <button-stub
      type="link"
    >
      <charticon-stub />
      
      Charts
    
    </button-stub>
     
    <button-stub
      type="link"
    >
      <listicon-stub />
      
      Registers
    
    </button-stub>
     
    <button-stub
      type="link"
    >
      <peopleicon-stub />
      
      Heroes
    
    </button-stub>
     
    <button-stub
      type="link"
    >
      <settingsicon-stub />
      
      Settings
    
    </button-stub>
     
    <button-stub
      type="link"
    >
      <logouticon-stub />
      
      Sign out
    
    </button-stub>
  </div>
</section>
`;
